// Jest Snapshot v1, https://goo.gl/fbAQLP

exports[`KeytarCredentialManager Test Service should fail load credentials that was not stored before 1`] = `[Error: Unable to load credentials.]`;

exports[`KeytarCredentialManager Test Service should fail removing non-existing credentials 1`] = `[Error: Unable to delete credentials.]`;
